◇ injected env (7) from .env // tip: ⌘ enable debugging { debug: true }
--- Starting sync at 2026-05-03T19:48:35.545Z ---
Fetching shopping list from Norish (http://your-norish-instance.local/api/v1/shopping-list)...
Scheduling background sync with cron pattern: 0 * * * *
Frontend and API listening on port 3000
Error fetching from Norish: getaddrinfo ENOTFOUND your-norish-instance.local
Sync failed: AxiosError: getaddrinfo ENOTFOUND your-norish-instance.local
    at AxiosError.from (/app/node_modules/axios/dist/node/axios.cjs:1248:24)
    at RedirectableRequest.handleRequestError (/app/node_modules/axios/dist/node/axios.cjs:3611:25)
    at RedirectableRequest.emit (node:events:519:28)
    at eventHandlers.<computed> (/app/node_modules/follow-redirects/index.js:56:24)
    at ClientRequest.emit (node:events:519:28)
    at emitErrorEvent (node:_http_client:108:11)
    at Socket.socketErrorListener (node:_http_client:575:5)
    at Socket.emit (node:events:531:35)
    at emitErrorNT (node:internal/streams/destroy:170:8)
    at emitErrorCloseNT (node:internal/streams/destroy:129:3)
    at Axios.request (/app/node_modules/axios/dist/node/axios.cjs:4871:41)
    at process.processTicksAndRejections (node:internal/process/task_queues:103:5)
    at async fetchNorishList (/app/index.js:30:22)
    at async runSync (/app/index.js:225:22) {
  isAxiosError: true,
  code: 'ENOTFOUND',
  config: [Object: null prototype] {
    transitional: {
      silentJSONParsing: true,
      forcedJSONParsing: true,
      clarifyTimeoutError: false,
      legacyInterceptorReqResOrdering: true
    },
    adapter: [ 'xhr', 'http', 'fetch' ],
    transformRequest: [ [Function: transformRequest] ],
    transformResponse: [ [Function: transformResponse] ],
    timeout: 0,
    xsrfCookieName: 'XSRF-TOKEN',
    xsrfHeaderName: 'X-XSRF-TOKEN',
    maxContentLength: -1,
    maxBodyLength: -1,
    env: { FormData: [Function], Blob: [class Blob] },
    validateStatus: [Function: validateStatus],
    headers: Object [AxiosHeaders] {
      Accept: 'application/json, text/plain, */*',
      'Content-Type': undefined,
      Authorization: 'Bearer your_norish_api_token',
      'x-api-key': 'your_norish_api_token',
      'User-Agent': 'axios/1.16.0',
      'Accept-Encoding': 'gzip, compress, deflate, br'
    },
    method: 'get',
    url: 'http://your-norish-instance.local/api/v1/shopping-list',
    allowAbsoluteUrls: true,
    data: undefined
  },
  request: <ref *1> Writable {
    _events: {
      close: undefined,
      error: [Function: handleRequestError],
      prefinish: undefined,
      finish: undefined,
      drain: undefined,
      response: [Function: handleResponse],
      socket: [Array],
      abort: undefined
    },
    _writableState: WritableState {
      highWaterMark: 65536,
      length: 0,
      corked: 0,
      onwrite: [Function: bound onwrite],
      writelen: 0,
      bufferedIndex: 0,
      pendingcb: 0,
      [Symbol(kState)]: 17581054,
      [Symbol(kBufferedValue)]: null,
      [Symbol(kErroredValue)]: [Error]
    },
    _maxListeners: undefined,
    _options: {
      maxRedirects: 21,
      maxBodyLength: Infinity,
      protocol: 'http:',
      path: '/api/v1/shopping-list',
      method: 'GET',
      headers: [Object: null prototype],
      agents: [Object],
      auth: undefined,
      family: undefined,
      beforeRedirect: [Function: dispatchBeforeRedirect],
      beforeRedirects: [Object: null prototype],
      http2Options: undefined,
      hostname: 'your-norish-instance.local',
      port: '',
      agent: undefined,
      insecureHTTPParser: false,
      nativeProtocols: [Object],
      sensitiveHeaders: [],
      pathname: '/api/v1/shopping-list'
    },
    _ended: true,
    _ending: true,
    _redirectCount: 0,
    _redirects: [],
    _requestBodyLength: 0,
    _requestBodyBuffers: [],
    _eventsCount: 3,
    _onNativeResponse: [Function (anonymous)],
    _headerFilter: /^(?:Authorization|Proxy-Authorization|Cookie)$/i,
    _currentRequest: ClientRequest {
      _events: [Object: null prototype],
      _eventsCount: 2,
      _maxListeners: undefined,
      outputData: [],
      outputSize: 0,
      writable: true,
      destroyed: true,
      _last: true,
      chunkedEncoding: false,
      shouldKeepAlive: true,
      maxRequestsOnConnectionReached: false,
      _defaultKeepAlive: true,
      useChunkedEncodingByDefault: false,
      sendDate: false,
      _removedConnection: false,
      _removedContLen: false,
      _removedTE: false,
      strictContentLength: false,
      _contentLength: 0,
      _hasBody: true,
      _trailer: '',
      finished: true,
      _headerSent: true,
      _closed: false,
      _header: 'GET /api/v1/shopping-list HTTP/1.1\r\n' +
        'Accept: application/json, text/plain, */*\r\n' +
        'Authorization: Bearer your_norish_api_token\r\n' +
        'x-api-key: your_norish_api_token\r\n' +
        'User-Agent: axios/1.16.0\r\n' +
        'Accept-Encoding: gzip, compress, deflate, br\r\n' +
        'Host: your-norish-instance.local\r\n' +
        'Connection: keep-alive\r\n' +
        '\r\n',
      _keepAliveTimeout: 0,
      _onPendingData: [Function: nop],
      agent: [Agent],
      socketPath: undefined,
      method: 'GET',
      maxHeaderSize: undefined,
      insecureHTTPParser: false,
      joinDuplicateHeaders: undefined,
      path: '/api/v1/shopping-list',
      _ended: false,
      res: null,
      aborted: false,
      timeoutCb: [Function: emitRequestTimeout],
      upgradeOrConnect: false,
      parser: null,
      maxHeadersCount: null,
      reusedSocket: false,
      host: 'your-norish-instance.local',
      protocol: 'http:',
      _redirectable: [Circular *1],
      [Symbol(shapeMode)]: false,
      [Symbol(kCapture)]: false,
      [Symbol(kBytesWritten)]: 0,
      [Symbol(kNeedDrain)]: false,
      [Symbol(corked)]: 0,
      [Symbol(kChunkedBuffer)]: [],
      [Symbol(kChunkedLength)]: 0,
      [Symbol(kSocket)]: [Socket],
      [Symbol(kOutHeaders)]: [Object: null prototype],
      [Symbol(errored)]: null,
      [Symbol(kHighWaterMark)]: 65536,
      [Symbol(kRejectNonStandardBodyWrites)]: false,
      [Symbol(kUniqueHeaders)]: null,
      [Symbol(kError)]: [Error]
    },
    _currentUrl: 'http://your-norish-instance.local/api/v1/shopping-list',
    _timeout: null,
    [Symbol(shapeMode)]: true,
    [Symbol(kCapture)]: false
  },
  cause: Error: getaddrinfo ENOTFOUND your-norish-instance.local
      at GetAddrInfoReqWrap.onlookupall [as oncomplete] (node:dns:122:26) {
    errno: -3008,
    code: 'ENOTFOUND',
    syscall: 'getaddrinfo',
    hostname: 'your-norish-instance.local'
  }
}
--- Sync finished at 2026-05-03T19:48:35.612Z ---
